[INFO] Scanning for projects...
[INFO] 
[INFO] ---------------< com.carrefourconnect:carrefourconnect >----------------
[INFO] Building carrefourconnect 0.0.1-SNAPSHOT
[INFO]   from pom.xml
[INFO] --------------------------------[ jar ]---------------------------------
[INFO] 
[INFO] --- clean:3.4.1:clean (default-clean) @ carrefourconnect ---
[INFO] Deleting C:\Users\Darryl\Desktop\ProjetTutore\carrefourconnect\target
[INFO] 
[INFO] --- resources:3.3.1:resources (default-resources) @ carrefourconnect ---
[INFO] Copying 1 resource from src\main\resources to target\classes
[INFO] Copying 0 resource from src\main\resources to target\classes
[INFO] 
[INFO] --- compiler:3.14.1:compile (default-compile) @ carrefourconnect ---
[INFO] Recompiling the module because of changed source code.
[INFO] Compiling 73 source files with javac [debug parameters release 17] to target\classes
[INFO] -------------------------------------------------------------
[WARNING] COMPILATION WARNING : 
[INFO] -------------------------------------------------------------
[WARNING] /C:/Users/Darryl/Desktop/ProjetTutore/carrefourconnect/src/main/java/com/carrefourconnect/entities/Commerce.java:[68,18] @Builder will ignore the initializing expression entirely. If you want the initializing expression to serve as default, add @Builder.Default. If it is not supposed to be settable during building, make the field final.
[WARNING] /C:/Users/Darryl/Desktop/ProjetTutore/carrefourconnect/src/main/java/com/carrefourconnect/entities/Commerce.java:[74,30] @Builder will ignore the initializing expression entirely. If you want the initializing expression to serve as default, add @Builder.Default. If it is not supposed to be settable during building, make the field final.
[WARNING] /C:/Users/Darryl/Desktop/ProjetTutore/carrefourconnect/src/main/java/com/carrefourconnect/entities/Abonnement.java:[40,24] @Builder will ignore the initializing expression entirely. If you want the initializing expression to serve as default, add @Builder.Default. If it is not supposed to be settable during building, make the field final.
[WARNING] /C:/Users/Darryl/Desktop/ProjetTutore/carrefourconnect/src/main/java/com/carrefourconnect/mappers/VisiteurMapper.java:[14,14] Unmapped target properties: "password, favoris".
[WARNING] /C:/Users/Darryl/Desktop/ProjetTutore/carrefourconnect/src/main/java/com/carrefourconnect/mappers/CommerceMapper.java:[18,14] Unmapped target property: "utilisateursFavoris".
[WARNING] /C:/Users/Darryl/Desktop/ProjetTutore/carrefourconnect/src/main/java/com/carrefourconnect/mappers/AdministrateurMapper.java:[14,20] Unmapped target properties: "password, favoris".
[WARNING] /C:/Users/Darryl/Desktop/ProjetTutore/carrefourconnect/src/main/java/com/carrefourconnect/mappers/CommercantMapper.java:[14,16] Unmapped target properties: "password, favoris".
[INFO] 7 warnings 
[INFO] -------------------------------------------------------------
[INFO] -------------------------------------------------------------
[ERROR] COMPILATION ERROR : 
[INFO] -------------------------------------------------------------
[ERROR] /C:/Users/Darryl/Desktop/ProjetTutore/carrefourconnect/src/main/java/com/carrefourconnect/services/implementations/AbonnementServiceImpl.java:[5,36] cannot find symbol
  symbol:   class AbonnementMapper
  location: package com.carrefourconnect.mappers
[ERROR] /C:/Users/Darryl/Desktop/ProjetTutore/carrefourconnect/src/main/java/com/carrefourconnect/services/implementations/AbonnementServiceImpl.java:[23,19] cannot find symbol
  symbol:   class AbonnementMapper
  location: class com.carrefourconnect.services.implementations.AbonnementServiceImpl
[ERROR] /C:/Users/Darryl/Desktop/ProjetTutore/carrefourconnect/src/main/java/com/carrefourconnect/services/implementations/AbonnementServiceImpl.java:[18,1] cannot find symbol
  symbol:   class AbonnementMapper
  location: class com.carrefourconnect.services.implementations.AbonnementServiceImpl
[INFO] 3 errors 
[INFO] -------------------------------------------------------------
[INFO] ------------------------------------------------------------------------
[INFO] BUILD FAILURE
[INFO] ------------------------------------------------------------------------
[INFO] Total time:  19.111 s
[INFO] Finished at: 2026-03-16T22:00:45+01:00
[INFO] ------------------------------------------------------------------------
[ERROR] Failed to execute goal org.apache.maven.plugins:maven-compiler-plugin:3.14.1:compile (default-compile) on project carrefourconnect: Compilation failure: Compilation failure: 
[ERROR] /C:/Users/Darryl/Desktop/ProjetTutore/carrefourconnect/src/main/java/com/carrefourconnect/services/implementations/AbonnementServiceImpl.java:[5,36] cannot find symbol
[ERROR]   symbol:   class AbonnementMapper
[ERROR]   location: package com.carrefourconnect.mappers
[ERROR] /C:/Users/Darryl/Desktop/ProjetTutore/carrefourconnect/src/main/java/com/carrefourconnect/services/implementations/AbonnementServiceImpl.java:[23,19] cannot find symbol
[ERROR]   symbol:   class AbonnementMapper
[ERROR]   location: class com.carrefourconnect.services.implementations.AbonnementServiceImpl
[ERROR] /C:/Users/Darryl/Desktop/ProjetTutore/carrefourconnect/src/main/java/com/carrefourconnect/services/implementations/AbonnementServiceImpl.java:[18,1] cannot find symbol
[ERROR]   symbol:   class AbonnementMapper
[ERROR]   location: class com.carrefourconnect.services.implementations.AbonnementServiceImpl
[ERROR] -> [Help 1]
[ERROR] 
[ERROR] To see the full stack trace of the errors, re-run Maven with the -e switch.
[ERROR] Re-run Maven using the -X switch to enable full debug logging.
[ERROR] 
[ERROR] For more information about the errors and possible solutions, please read the following articles:
[ERROR] [Help 1] http://cwiki.apache.org/confluence/display/MAVEN/MojoFailureException
